
> vite_react_shadcn_ts@0.0.0 build
> vite build

[36mvite v7.3.1 [32mbuilding client environment for production...[36m[39m
transforming...
[32m✓[39m 3 modules transformed.
[31m✗[39m Build failed in 1.84s
[31merror during build:
[31m[vite:css] [postcss] It looks like you're trying to use `tailwindcss` directly as a PostCSS plugin. The PostCSS plugin has moved to a separate package, so to continue using Tailwind CSS with PostCSS you'll need to install `@tailwindcss/postcss` and update your PostCSS configuration.[31m
file: [36mE:/portfolio/sohaibksa/src/index.css:undefined:NaN[31m
    at lt (E:\portfolio\sohaibksa\node_modules\tailwindcss\dist\lib.js:38:1643)
    at LazyResult.runOnRoot (E:\portfolio\sohaibksa\node_modules\postcss\lib\lazy-result.js:361:16)
    at LazyResult.runAsync (E:\portfolio\sohaibksa\node_modules\postcss\lib\lazy-result.js:290:26)
    at LazyResult.async (E:\portfolio\sohaibksa\node_modules\postcss\lib\lazy-result.js:192:30)
    at LazyResult.then (E:\portfolio\sohaibksa\node_modules\postcss\lib\lazy-result.js:436:17)[39m
